Compiling lib\main.dart for the Web...                          
flutter : Wasm dry run 
succeeded. Consider 
building and testing your 
application with the 
`--wasm` flag. See docs 
for more info: https://doc
s.flutter.dev/platform-int
egration/web/wasm
At line:1 char:1
+ flutter build web 
--no-pub > 
build_output.txt 2>&1; 
type build_output ...
+ ~~~~~~~~~~~~~~~~~~~~~~~~
~~~~~~~~~~~~~~~~~~~~~~~~~~
    + CategoryInfo        
      : NotSpecified: (W  
  asm dry run su...rati   
 on/web/wasm:String) [    
], RemoteException
    + FullyQualifiedError 
   Id : NativeCommandErr  
  or
 
Use --no-wasm-dry-run to 
disable these warnings.
Target web_release_bundle 
failed: 
IconTreeShakerException: 
Expected to find kernel 
file at 
C:\Users\nooru\Coding\VSC 
Projects\focus\.dart_tool\
flutter_build\960bec6d102b
d1d92257f4e9ad3e9d83\app.d
ill, but no file found.

To disable icon tree 
shaking, pass 
--no-tree-shake-icons to 
the requested flutter 
build command
#0      IconTreeShaker._ge
tIconData (package:flutter
_tools/src/build_system/ta
rgets/icon_tree_shaker.dar
t:106:7)
#1      
IconTreeShaker.subsetFont 
(package:flutter_tools/src
/build_system/targets/icon
_tree_shaker.dart:181:36)
<asynchronous suspension>
#2      
copyAssets.<anonymous 
closure> (package:flutter_
tools/src/build_system/tar
gets/assets.dart:151:25)
<asynchronous suspension>
#3      
Future.wait.<anonymous 
closure> (dart:async/futur
e.dart:546:21)
<asynchronous suspension>
#4      copyAssets (packag
e:flutter_tools/src/build_
system/targets/assets.dart
:111:3)
<asynchronous suspension>
#5      
WebReleaseBundle.build (pa
ckage:flutter_tools/src/bu
ild_system/targets/web.dar
t:614:29)
<asynchronous suspension>
#6      _BuildInstance._in
vokeInternal (package:flut
ter_tools/src/build_system
/build_system.dart:937:9)
<asynchronous suspension>
#7      
Future.wait.<anonymous 
closure> (dart:async/futur
e.dart:546:21)
<asynchronous suspension>
#8      _BuildInstance.inv
okeTarget (package:flutter
_tools/src/build_system/bu
ild_system.dart:875:32)
<asynchronous suspension>
#9      
FlutterBuildSystem.build (
package:flutter_tools/src/
build_system/build_system.
dart:684:16)
<asynchronous suspension>
#10     
WebBuilder.buildWeb (packa
ge:flutter_tools/src/web/c
ompile.dart:107:34)
<asynchronous suspension>
#11     BuildWebCommand.ru
nCommand (package:flutter_
tools/src/commands/build_w
eb.dart:300:5)
<asynchronous suspension>
#12     FlutterCommand.run
.<anonymous closure> (pack
age:flutter_tools/src/runn
er/flutter_command.dart:15
90:27)
<asynchronous suspension>
#13     
AppContext.run.<anonymous 
closure> (package:flutter_
tools/src/base/context.dar
t:154:19)
<asynchronous suspension>
#14     
CommandRunner.runCommand (
package:args/command_runne
r.dart:212:13)
<asynchronous suspension>
#15     FlutterCommandRunn
er.runCommand.<anonymous 
closure> (package:flutter_
tools/src/runner/flutter_c
ommand_runner.dart:496:9)
<asynchronous suspension>
#16     
AppContext.run.<anonymous 
closure> (package:flutter_
tools/src/base/context.dar
t:154:19)
<asynchronous suspension>
#17     FlutterCommandRunn
er.runCommand (package:flu
tter_tools/src/runner/flut
ter_command_runner.dart:43
1:5)
<asynchronous suspension>
#18     FlutterCommandRunn
er.run.<anonymous 
closure> (package:flutter_
tools/src/runner/flutter_c
ommand_runner.dart:307:33)
<asynchronous suspension>
#19     run.<anonymous 
closure>.<anonymous 
closure> (package:flutter_
tools/runner.dart:104:11)
<asynchronous suspension>
#20     
AppContext.run.<anonymous 
closure> (package:flutter_
tools/src/base/context.dar
t:154:19)
<asynchronous suspension>
#21     main (package:flut
ter_tools/executable.dart:
103:3)
<asynchronous suspension>

Compiling lib\main.dart for the Web...                            162.9s
Error: Failed to compile 
application for the Web.
